no serializer found for class org.hibernate.proxy.pojo.bytebuddy.bytebuddyinterceptor and no properties discovered to create beanserializer
: LAZY 때문에 생기는 오류
: return 할 때 dto를 사용하자